[      96ms] [INFO] %cDownload the React DevTools for a better development experience: https://react.dev/link/react-devtools font-weight:bold @ http://localhost:3025/_next/static/chunks/node_modules_next_dist_1e8vcs8._.js:776
[     132ms] [LOG] [HMR] connected @ http://localhost:3025/_next/static/chunks/node_modules_next_dist_1e8vcs8._.js:776
[    1168ms] [WARNING] Image with src "/img/p-tw-plum.jpg" was detected as the Largest Contentful Paint (LCP). Please add the `loading="eager"` property if this image is above the fold.
Read more: https://nextjs.org/docs/app/api-reference/components/image#loading @ http://localhost:3025/_next/static/chunks/node_modules_next_dist_1e8vcs8._.js:776
[  154667ms] [LOG] [Fast Refresh] rebuilding @ http://localhost:3025/_next/static/chunks/node_modules_next_dist_1e8vcs8._.js:776
[  154718ms] [LOG] [Fast Refresh] done in 10ms @ http://localhost:3025/_next/static/chunks/node_modules_next_dist_1e8vcs8._.js:776
[  155990ms] [LOG] [Fast Refresh] done in 10ms @ http://localhost:3025/_next/static/chunks/node_modules_next_dist_1e8vcs8._.js:776
[  186661ms] [LOG] [Fast Refresh] done in 10ms @ http://localhost:3025/_next/static/chunks/node_modules_next_dist_1e8vcs8._.js:776
[  213725ms] [LOG] [Fast Refresh] done in 10ms @ http://localhost:3025/_next/static/chunks/node_modules_next_dist_1e8vcs8._.js:776
[  213929ms] [LOG] [Fast Refresh] done in 10ms @ http://localhost:3025/_next/static/chunks/node_modules_next_dist_1e8vcs8._.js:776
[  271940ms] [LOG] [Fast Refresh] done in 10ms @ http://localhost:3025/_next/static/chunks/node_modules_next_dist_1e8vcs8._.js:776
[  286859ms] [LOG] [Fast Refresh] done in 10ms @ http://localhost:3025/_next/static/chunks/node_modules_next_dist_1e8vcs8._.js:776
[  295774ms] [LOG] [Fast Refresh] done in 10ms @ http://localhost:3025/_next/static/chunks/node_modules_next_dist_1e8vcs8._.js:776
[  305285ms] [LOG] [Fast Refresh] done in 10ms @ http://localhost:3025/_next/static/chunks/node_modules_next_dist_1e8vcs8._.js:776
[  306398ms] [LOG] [Fast Refresh] rebuilding @ http://localhost:3025/_next/static/chunks/node_modules_next_dist_1e8vcs8._.js:776
[  306437ms] [LOG] [Fast Refresh] done in 5ms @ http://localhost:3025/_next/static/chunks/node_modules_next_dist_1e8vcs8._.js:776
[  394223ms] [LOG] [Fast Refresh] rebuilding @ http://localhost:3025/_next/static/chunks/node_modules_next_dist_1e8vcs8._.js:776
[  394504ms] [ERROR] Failed to load resource: the server responded with a status of 404 (Not Found) @ http://localhost:3025/legacy?scene=crossmatch&_rsc=yJpG8DNB3m-rwojO:0
[  394505ms] [LOG] [Fast Refresh] done in 131ms @ http://localhost:3025/_next/static/chunks/node_modules_next_dist_1e8vcs8._.js:776
[  394520ms] [ERROR] Failed to load resource: the server responded with a status of 404 (Not Found) @ http://localhost:3025/legacy?scene=crossmatch&_rsc=yJpG8DNB3m-rwojO:0
[  394543ms] [ERROR] Failed to load resource: the server responded with a status of 404 (Not Found) @ http://localhost:3025/legacy?scene=crossmatch&_rsc=yJpG8DNB3m-rwojO:0
[  394571ms] [LOG] [Fast Refresh] done in 131ms @ http://localhost:3025/_next/static/chunks/node_modules_next_dist_1e8vcs8._.js:776
[  394580ms] [ERROR] Failed to load resource: the server responded with a status of 404 (Not Found) @ http://localhost:3025/legacy?scene=crossmatch:0
[  394620ms] [INFO] %cDownload the React DevTools for a better development experience: https://react.dev/link/react-devtools font-weight:bold @ http://localhost:3025/_next/static/chunks/node_modules_next_dist_1e8vcs8._.js:776
[  394629ms] [LOG] [HMR] connected @ http://localhost:3025/_next/static/chunks/node_modules_next_dist_1e8vcs8._.js:776
[  674638ms] [LOG] [Fast Refresh] rebuilding @ http://localhost:3025/_next/static/chunks/node_modules_next_dist_1e8vcs8._.js:776
[  674683ms] [ERROR] Failed to load resource: the server responded with a status of 404 (Not Found) @ http://localhost:3025/legacy?scene=crossmatch&_rsc=Inqm_nqE3qlgspPj:0
[  674700ms] [ERROR] Failed to load resource: the server responded with a status of 404 (Not Found) @ http://localhost:3025/legacy?scene=crossmatch&_rsc=Inqm_nqE3qlgspPj:0
[  674760ms] [ERROR] Failed to load resource: the server responded with a status of 404 (Not Found) @ http://localhost:3025/legacy?scene=crossmatch:0
[  674797ms] [INFO] %cDownload the React DevTools for a better development experience: https://react.dev/link/react-devtools font-weight:bold @ http://localhost:3025/_next/static/chunks/node_modules_next_dist_1e8vcs8._.js:776
[  674807ms] [LOG] [HMR] connected @ http://localhost:3025/_next/static/chunks/node_modules_next_dist_1e8vcs8._.js:776
[  701048ms] [LOG] [Fast Refresh] rebuilding @ http://localhost:3025/_next/static/chunks/node_modules_next_dist_1e8vcs8._.js:776
[  701077ms] [LOG] [Fast Refresh] done in 2ms @ http://localhost:3025/_next/static/chunks/node_modules_next_dist_1e8vcs8._.js:776
[  702591ms] [LOG] [Fast Refresh] done in 2ms @ http://localhost:3025/_next/static/chunks/node_modules_next_dist_1e8vcs8._.js:776
[  702786ms] [LOG] [Fast Refresh] done in 2ms @ http://localhost:3025/_next/static/chunks/node_modules_next_dist_1e8vcs8._.js:776
[  704914ms] [LOG] [Fast Refresh] done in 2ms @ http://localhost:3025/_next/static/chunks/node_modules_next_dist_1e8vcs8._.js:776
[  717310ms] [LOG] [Fast Refresh] done in 2ms @ http://localhost:3025/_next/static/chunks/node_modules_next_dist_1e8vcs8._.js:776
[  749501ms] [ERROR] Failed to load resource: the server responded with a status of 404 (Not Found) @ http://localhost:3025/legacy?scene=crossmatch&_rsc=Inqm_nqE3qlgspPj:0
[  749531ms] [ERROR] Failed to load resource: the server responded with a status of 404 (Not Found) @ http://localhost:3025/legacy?scene=crossmatch:0
[  749554ms] [INFO] %cDownload the React DevTools for a better development experience: https://react.dev/link/react-devtools font-weight:bold @ http://localhost:3025/_next/static/chunks/node_modules_next_dist_1e8vcs8._.js:776
[  749561ms] [LOG] [HMR] connected @ http://localhost:3025/_next/static/chunks/node_modules_next_dist_1e8vcs8._.js:776
[  806375ms] [LOG] [Fast Refresh] rebuilding @ http://localhost:3025/_next/static/chunks/node_modules_next_dist_1e8vcs8._.js:776
[  806395ms] [ERROR] Failed to load resource: the server responded with a status of 404 (Not Found) @ http://localhost:3025/legacy?scene=crossmatch&_rsc=Inqm_nqE3qlgspPj:0
[  806430ms] [ERROR] Failed to load resource: the server responded with a status of 404 (Not Found) @ http://localhost:3025/legacy?scene=crossmatch:0
[  806458ms] [INFO] %cDownload the React DevTools for a better development experience: https://react.dev/link/react-devtools font-weight:bold @ http://localhost:3025/_next/static/chunks/node_modules_next_dist_1e8vcs8._.js:776
[  806465ms] [LOG] [HMR] connected @ http://localhost:3025/_next/static/chunks/node_modules_next_dist_1e8vcs8._.js:776
[ 1610765ms] [ERROR] WebSocket connection to 'ws://localhost:3025/_next/hmr?id=GC1kEwjHrL1UgATbDO5IC' failed: Error in connection establishment: net::ERR_CONNECTION_REFUSED @ http://localhost:3025/_next/static/chunks/node_modules_next_dist_client_0_90u2t._.js:16348
[ 1611771ms] [ERROR] WebSocket connection to 'ws://localhost:3025/_next/hmr?id=GC1kEwjHrL1UgATbDO5IC' failed: Error in connection establishment: net::ERR_CONNECTION_REFUSED @ http://localhost:3025/_next/static/chunks/node_modules_next_dist_client_0_90u2t._.js:16348
[ 1612777ms] [ERROR] WebSocket connection to 'ws://localhost:3025/_next/hmr?id=GC1kEwjHrL1UgATbDO5IC' failed: Error in connection establishment: net::ERR_CONNECTION_REFUSED @ http://localhost:3025/_next/static/chunks/node_modules_next_dist_client_0_90u2t._.js:16348
[ 1613782ms] [ERROR] WebSocket connection to 'ws://localhost:3025/_next/hmr?id=GC1kEwjHrL1UgATbDO5IC' failed: Error in connection establishment: net::ERR_CONNECTION_REFUSED @ http://localhost:3025/_next/static/chunks/node_modules_next_dist_client_0_90u2t._.js:16348
[ 1614788ms] [ERROR] WebSocket connection to 'ws://localhost:3025/_next/hmr?id=GC1kEwjHrL1UgATbDO5IC' failed: Error in connection establishment: net::ERR_CONNECTION_REFUSED @ http://localhost:3025/_next/static/chunks/node_modules_next_dist_client_0_90u2t._.js:16348
[ 1619798ms] [ERROR] WebSocket connection to 'ws://localhost:3025/_next/hmr?id=GC1kEwjHrL1UgATbDO5IC' failed: Error in connection establishment: net::ERR_CONNECTION_REFUSED @ http://localhost:3025/_next/static/chunks/node_modules_next_dist_client_0_90u2t._.js:16348
[ 1624815ms] [ERROR] WebSocket connection to 'ws://localhost:3025/_next/hmr?id=GC1kEwjHrL1UgATbDO5IC' failed: Error in connection establishment: net::ERR_CONNECTION_REFUSED @ http://localhost:3025/_next/static/chunks/node_modules_next_dist_client_0_90u2t._.js:16348
[ 1629839ms] [ERROR] WebSocket connection to 'ws://localhost:3025/_next/hmr?id=GC1kEwjHrL1UgATbDO5IC' failed: Error in connection establishment: net::ERR_CONNECTION_REFUSED @ http://localhost:3025/_next/static/chunks/node_modules_next_dist_client_0_90u2t._.js:16348
[ 1634884ms] [ERROR] WebSocket connection to 'ws://localhost:3025/_next/hmr?id=GC1kEwjHrL1UgATbDO5IC' failed: Error in connection establishment: net::ERR_CONNECTION_REFUSED @ http://localhost:3025/_next/static/chunks/node_modules_next_dist_client_0_90u2t._.js:16348
[ 1639918ms] [ERROR] WebSocket connection to 'ws://localhost:3025/_next/hmr?id=GC1kEwjHrL1UgATbDO5IC' failed: Error in connection establishment: net::ERR_CONNECTION_REFUSED @ http://localhost:3025/_next/static/chunks/node_modules_next_dist_client_0_90u2t._.js:16348
[ 1644963ms] [ERROR] WebSocket connection to 'ws://localhost:3025/_next/hmr?id=GC1kEwjHrL1UgATbDO5IC' failed: Error in connection establishment: net::ERR_CONNECTION_REFUSED @ http://localhost:3025/_next/static/chunks/node_modules_next_dist_client_0_90u2t._.js:16348
[ 1650222ms] [ERROR] WebSocket connection to 'ws://localhost:3025/_next/hmr?id=GC1kEwjHrL1UgATbDO5IC' failed: Error in connection establishment: net::ERR_CONNECTION_REFUSED @ http://localhost:3025/_next/static/chunks/node_modules_next_dist_client_0_90u2t._.js:16348
[ 1686395ms] [ERROR] Failed to load resource: the server responded with a status of 404 (Not Found) @ http://localhost:3025/legacy?scene=crossmatch:0
